// Vitest Snapshot v1, https://vitest.dev/guide/snapshot.html

exports[`PlantUmlPreview > basic rendering > should match snapshot 1`] = `
.c0 {
  --shadow-host-background-color: white;
  --shadow-host-border: 0.5px solid var(--color-code-background);
  --shadow-host-border-radius: 8px;
}

<div>
  <div
    data-source="plantuml"
    data-testid="image-preview-layout"
  >
    <div
      data-testid="toolbar"
    >
      Toolbar
    </div>
    <div
      data-testid="preview-content"
    >
      <div
        class="c0 plantuml-preview special-preview"
      />
    </div>
  </div>
</div>
`;
